
> frontend@0.0.0 dev
> vite


  [32m[1mVITE[22m v5.4.21[39m  [2mready in [0m[1m1236[22m[2m[0m ms[22m

  [32m➜[39m  [1mLocal[22m:   [36mhttp://localhost:[1m5173[22m/[39m
[2m  [32m➜[39m  [1mNetwork[22m[2m: use [22m[1m--host[22m[2m to expose[22m
[2m6:14:04 pm[22m [31m[1m[vite][22m[39m [31mInternal server error: H:\JobTube Eco System\frontend\src\pages\Onboarding.jsx: Unexpected token, expected "," (19:19)

[0m [90m 17 |[31m   {
 [90m 18 |[31m     id[33m:[31m [32m'linkedin_status'[31m[33m,[31m
[31m[1m>[22m[31m[90m 19 |[31m     question[33m:[31m [32m'How'[31ms your [33mLinkedIn[31m profile[33m?[31m[32m',[31m
 [90m    |[31m                    [31m[1m^[22m[31m
 [90m 20 |[31m     options[33m:[31m [
 [90m 21 |[31m       { label[33m:[31m [32m'Profile complete and up-to-date'[31m[33m,[31m value[33m:[31m [32m'complete'[31m }[33m,[31m
 [90m 22 |[31m       { label[33m:[31m [32m'Profile needs optimization'[31m[33m,[31m value[33m:[31m [32m'needs_work'[31m }[33m,[31m[0m[39m
  Plugin: [35mvite:react-babel[39m
  File: [36mH:/JobTube Eco System/frontend/src/pages/Onboarding.jsx[39m:19:19
[33m  17 |    {
  18 |      id: 'linkedin_status',
  19 |      question: 'How's your LinkedIn profile?',
     |                     ^
  20 |      options: [
  21 |        { label: 'Profile complete and up-to-date', value: 'complete' },[39m
      at constructor (H:\JobTube Eco System\frontend\node_modules\@babel\parser\lib\index.js:365:19)
      at JSXParserMixin.raise (H:\JobTube Eco System\frontend\node_modules\@babel\parser\lib\index.js:6599:19)
      at JSXParserMixin.unexpected (H:\JobTube Eco System\frontend\node_modules\@babel\parser\lib\index.js:6619:16)
      at JSXParserMixin.expect (H:\JobTube Eco System\frontend\node_modules\@babel\parser\lib\index.js:6899:12)
      at JSXParserMixin.parseObjectLike (H:\JobTube Eco System\frontend\node_modules\@babel\parser\lib\index.js:11822:14)
      at JSXParserMixin.parseExprAtom (H:\JobTube Eco System\frontend\node_modules\@babel\parser\lib\index.js:11339:23)
      at JSXParserMixin.parseExprAtom (H:\JobTube Eco System\frontend\node_modules\@babel\parser\lib\index.js:4764:20)
      at JSXParserMixin.parseExprSubscripts (H:\JobTube Eco System\frontend\node_modules\@babel\parser\lib\index.js:11081:23)
      at JSXParserMixin.parseUpdate (H:\JobTube Eco System\frontend\node_modules\@babel\parser\lib\index.js:11066:21)
      at JSXParserMixin.parseMaybeUnary (H:\JobTube Eco System\frontend\node_modules\@babel\parser\lib\index.js:11046:23)
      at JSXParserMixin.parseMaybeUnaryOrPrivate (H:\JobTube Eco System\frontend\node_modules\@babel\parser\lib\index.js:10899:61)
      at JSXParserMixin.parseExprOps (H:\JobTube Eco System\frontend\node_modules\@babel\parser\lib\index.js:10904:23)
      at JSXParserMixin.parseMaybeConditional (H:\JobTube Eco System\frontend\node_modules\@babel\parser\lib\index.js:10881:23)
      at JSXParserMixin.parseMaybeAssign (H:\JobTube Eco System\frontend\node_modules\@babel\parser\lib\index.js:10831:21)
      at H:\JobTube Eco System\frontend\node_modules\@babel\parser\lib\index.js:10800:39
      at JSXParserMixin.allowInAnd (H:\JobTube Eco System\frontend\node_modules\@babel\parser\lib\index.js:12426:12)
      at JSXParserMixin.parseMaybeAssignAllowIn (H:\JobTube Eco System\frontend\node_modules\@babel\parser\lib\index.js:10800:17)
      at JSXParserMixin.parseMaybeAssignAllowInOrVoidPattern (H:\JobTube Eco System\frontend\node_modules\@babel\parser\lib\index.js:12493:17)
      at JSXParserMixin.parseExprListItem (H:\JobTube Eco System\frontend\node_modules\@babel\parser\lib\index.js:12175:18)
      at JSXParserMixin.parseExprList (H:\JobTube Eco System\frontend\node_modules\@babel\parser\lib\index.js:12150:22)
      at JSXParserMixin.parseArrayLike (H:\JobTube Eco System\frontend\node_modules\@babel\parser\lib\index.js:12057:26)
      at JSXParserMixin.parseExprAtom (H:\JobTube Eco System\frontend\node_modules\@babel\parser\lib\index.js:11335:23)
      at JSXParserMixin.parseExprAtom (H:\JobTube Eco System\frontend\node_modules\@babel\parser\lib\index.js:4764:20)
      at JSXParserMixin.parseExprSubscripts (H:\JobTube Eco System\frontend\node_modules\@babel\parser\lib\index.js:11081:23)
      at JSXParserMixin.parseUpdate (H:\JobTube Eco System\frontend\node_modules\@babel\parser\lib\index.js:11066:21)
      at JSXParserMixin.parseMaybeUnary (H:\JobTube Eco System\frontend\node_modules\@babel\parser\lib\index.js:11046:23)
      at JSXParserMixin.parseMaybeUnaryOrPrivate (H:\JobTube Eco System\frontend\node_modules\@babel\parser\lib\index.js:10899:61)
      at JSXParserMixin.parseExprOps (H:\JobTube Eco System\frontend\node_modules\@babel\parser\lib\index.js:10904:23)
      at JSXParserMixin.parseMaybeConditional (H:\JobTube Eco System\frontend\node_modules\@babel\parser\lib\index.js:10881:23)
      at JSXParserMixin.parseMaybeAssign (H:\JobTube Eco System\frontend\node_modules\@babel\parser\lib\index.js:10831:21)
      at H:\JobTube Eco System\frontend\node_modules\@babel\parser\lib\index.js:10800:39
      at JSXParserMixin.allowInAnd (H:\JobTube Eco System\frontend\node_modules\@babel\parser\lib\index.js:12421:16)
      at JSXParserMixin.parseMaybeAssignAllowIn (H:\JobTube Eco System\frontend\node_modules\@babel\parser\lib\index.js:10800:17)
      at JSXParserMixin.parseVar (H:\JobTube Eco System\frontend\node_modules\@babel\parser\lib\index.js:13384:91)
      at JSXParserMixin.parseVarStatement (H:\JobTube Eco System\frontend\node_modules\@babel\parser\lib\index.js:13230:10)
      at JSXParserMixin.parseStatementContent (H:\JobTube Eco System\frontend\node_modules\@babel\parser\lib\index.js:12851:23)
      at JSXParserMixin.parseStatementLike (H:\JobTube Eco System\frontend\node_modules\@babel\parser\lib\index.js:12767:17)
      at JSXParserMixin.parseModuleItem (H:\JobTube Eco System\frontend\node_modules\@babel\parser\lib\index.js:12744:17)
      at JSXParserMixin.parseBlockOrModuleBlockBody (H:\JobTube Eco System\frontend\node_modules\@babel\parser\lib\index.js:13316:36)
      at JSXParserMixin.parseBlockBody (H:\JobTube Eco System\frontend\node_modules\@babel\parser\lib\index.js:13309:10)
      at JSXParserMixin.parseProgram (H:\JobTube Eco System\frontend\node_modules\@babel\parser\lib\index.js:12622:10)
      at JSXParserMixin.parseTopLevel (H:\JobTube Eco System\frontend\node_modules\@babel\parser\lib\index.js:12612:25)
      at JSXParserMixin.parse (H:\JobTube Eco System\frontend\node_modules\@babel\parser\lib\index.js:14488:25)
      at parse (H:\JobTube Eco System\frontend\node_modules\@babel\parser\lib\index.js:14522:38)
      at parser (H:\JobTube Eco System\frontend\node_modules\@babel\core\lib\parser\index.js:41:34)
      at parser.next (<anonymous>)
      at normalizeFile (H:\JobTube Eco System\frontend\node_modules\@babel\core\lib\transformation\normalize-file.js:64:37)
      at normalizeFile.next (<anonymous>)
      at run (H:\JobTube Eco System\frontend\node_modules\@babel\core\lib\transformation\index.js:22:50)
      at run.next (<anonymous>)
[2m6:14:04 pm[22m [31m[1m[vite][22m[39m Pre-transform error: H:\JobTube Eco System\frontend\src\pages\Onboarding.jsx: Unexpected token, expected "," (19:19)

[0m [90m 17 |[39m   {
 [90m 18 |[39m     id[33m:[39m [32m'linkedin_status'[39m[33m,[39m
[31m[1m>[22m[39m[90m 19 |[39m     question[33m:[39m [32m'How'[39ms your [33mLinkedIn[39m profile[33m?[39m[32m',[39m
 [90m    |[39m                    [31m[1m^[22m[39m
 [90m 20 |[39m     options[33m:[39m [
 [90m 21 |[39m       { label[33m:[39m [32m'Profile complete and up-to-date'[39m[33m,[39m value[33m:[39m [32m'complete'[39m }[33m,[39m
 [90m 22 |[39m       { label[33m:[39m [32m'Profile needs optimization'[39m[33m,[39m value[33m:[39m [32m'needs_work'[39m }[33m,[39m[0m
[2m6:14:36 pm[22m [36m[1m[vite][22m[39m [32mhmr update [39m[2m/src/pages/Onboarding.jsx, /src/index.css[22m
[2m6:14:37 pm[22m [36m[1m[vite][22m[39m [32mhmr update [39m[2m/src/pages/Onboarding.jsx, /src/index.css[22m
[2m6:14:38 pm[22m [36m[1m[vite][22m[39m [32mhmr update [39m[2m/src/pages/Onboarding.jsx, /src/index.css[22m
[2m6:14:40 pm[22m [36m[1m[vite][22m[39m [32mhmr update [39m[2m/src/pages/Onboarding.jsx, /src/index.css[22m
[2m8:34:09 pm[22m [36m[1m[vite][22m[39m [32mhmr update [39m[2m/src/App.jsx, /src/index.css[22m
[2m8:34:10 pm[22m [36m[1m[vite][22m[39m [32mhmr update [39m[2m/src/App.jsx, /src/index.css[22m
[2m8:34:31 pm[22m [36m[1m[vite][22m[39m [32mhmr update [39m[2m/src/components/Layout.jsx, /src/index.css[22m
[2m8:34:32 pm[22m [36m[1m[vite][22m[39m [32mhmr update [39m[2m/src/components/Layout.jsx, /src/index.css[22m
[2m8:38:35 pm[22m [31m[1m[vite][22m[39m Pre-transform error: H:\JobTube Eco System\frontend\src\pages\Blog.jsx: Unexpected token, expected "," (120:65)

[0m [90m 118 |[39m     date[33m:[39m [32m'April 14, 2026'[39m[33m,[39m
 [90m 119 |[39m     category[33m:[39m [32m'Developer Portfolio'[39m[33m,[39m
[31m[1m>[22m[39m[90m 120 |[39m     excerpt[33m:[39m [32m'Stop letting great code sit in private repos. Here'[39ms how to showcase your projects and land developer jobs[33m.[39m[32m',[39m
 [90m     |[39m                                                                  [31m[1m^[22m[39m
 [90m 121 |[39m     readTime[33m:[39m [32m'6 min read'[39m[33m,[39m
 [90m 122 |[39m     image[33m:[39m [32m'bg-gradient-to-br from-slate-600 to-slate-700'[39m[33m,[39m
 [90m 123 |[39m     content[33m:[39m [32m`[39m[0m
[2m8:38:35 pm[22m [31m[1m[vite][22m[39m [31mInternal server error: H:\JobTube Eco System\frontend\src\pages\Blog.jsx: Unexpected token, expected "," (120:65)

[0m [90m 118 |[31m     date[33m:[31m [32m'April 14, 2026'[31m[33m,[31m
 [90m 119 |[31m     category[33m:[31m [32m'Developer Portfolio'[31m[33m,[31m
[31m[1m>[22m[31m[90m 120 |[31m     excerpt[33m:[31m [32m'Stop letting great code sit in private repos. Here'[31ms how to showcase your projects and land developer jobs[33m.[31m[32m',[31m
 [90m     |[31m                                                                  [31m[1m^[22m[31m
 [90m 121 |[31m     readTime[33m:[31m [32m'6 min read'[31m[33m,[31m
 [90m 122 |[31m     image[33m:[31m [32m'bg-gradient-to-br from-slate-600 to-slate-700'[31m[33m,[31m
 [90m 123 |[31m     content[33m:[31m [32m`[31m[0m[39m
  Plugin: [35mvite:react-babel[39m
  File: [36mH:/JobTube Eco System/frontend/src/pages/Blog.jsx[39m:120:65
[33m  118|      date: 'April 14, 2026',
  119|      category: 'Developer Portfolio',
  120|      excerpt: 'Stop letting great code sit in private repos. Here's how to showcase your projects and land developer jobs.',
     |                                                                   ^
  121|      readTime: '6 min read',
  122|      image: 'bg-gradient-to-br from-slate-600 to-slate-700',[39m
      at constructor (H:\JobTube Eco System\frontend\node_modules\@babel\parser\lib\index.js:365:19)
      at JSXParserMixin.raise (H:\JobTube Eco System\frontend\node_modules\@babel\parser\lib\index.js:6599:19)
      at JSXParserMixin.unexpected (H:\JobTube Eco System\frontend\node_modules\@babel\parser\lib\index.js:6619:16)
      at JSXParserMixin.expect (H:\JobTube Eco System\frontend\node_modules\@babel\parser\lib\index.js:6899:12)
      at JSXParserMixin.parseObjectLike (H:\JobTube Eco System\frontend\node_modules\@babel\parser\lib\index.js:11822:14)
      at JSXParserMixin.parseExprAtom (H:\JobTube Eco System\frontend\node_modules\@babel\parser\lib\index.js:11339:23)
      at JSXParserMixin.parseExprAtom (H:\JobTube Eco System\frontend\node_modules\@babel\parser\lib\index.js:4764:20)
      at JSXParserMixin.parseExprSubscripts (H:\JobTube Eco System\frontend\node_modules\@babel\parser\lib\index.js:11081:23)
      at JSXParserMixin.parseUpdate (H:\JobTube Eco System\frontend\node_modules\@babel\parser\lib\index.js:11066:21)
      at JSXParserMixin.parseMaybeUnary (H:\JobTube Eco System\frontend\node_modules\@babel\parser\lib\index.js:11046:23)
      at JSXParserMixin.parseMaybeUnaryOrPrivate (H:\JobTube Eco System\frontend\node_modules\@babel\parser\lib\index.js:10899:61)
      at JSXParserMixin.parseExprOps (H:\JobTube Eco System\frontend\node_modules\@babel\parser\lib\index.js:10904:23)
      at JSXParserMixin.parseMaybeConditional (H:\JobTube Eco System\frontend\node_modules\@babel\parser\lib\index.js:10881:23)
      at JSXParserMixin.parseMaybeAssign (H:\JobTube Eco System\frontend\node_modules\@babel\parser\lib\index.js:10831:21)
      at H:\JobTube Eco System\frontend\node_modules\@babel\parser\lib\index.js:10800:39
      at JSXParserMixin.allowInAnd (H:\JobTube Eco System\frontend\node_modules\@babel\parser\lib\index.js:12426:12)
      at JSXParserMixin.parseMaybeAssignAllowIn (H:\JobTube Eco System\frontend\node_modules\@babel\parser\lib\index.js:10800:17)
      at JSXParserMixin.parseMaybeAssignAllowInOrVoidPattern (H:\JobTube Eco System\frontend\node_modules\@babel\parser\lib\index.js:12493:17)
      at JSXParserMixin.parseObjectProperty (H:\JobTube Eco System\frontend\node_modules\@babel\parser\lib\index.js:11950:83)
      at JSXParserMixin.parseObjPropValue (H:\JobTube Eco System\frontend\node_modules\@babel\parser\lib\index.js:11978:100)
      at JSXParserMixin.parsePropertyDefinition (H:\JobTube Eco System\frontend\node_modules\@babel\parser\lib\index.js:11915:17)
      at JSXParserMixin.parseObjectLike (H:\JobTube Eco System\frontend\node_modules\@babel\parser\lib\index.js:11832:21)
      at JSXParserMixin.parseExprAtom (H:\JobTube Eco System\frontend\node_modules\@babel\parser\lib\index.js:11339:23)
      at JSXParserMixin.parseExprAtom (H:\JobTube Eco System\frontend\node_modules\@babel\parser\lib\index.js:4764:20)
      at JSXParserMixin.parseExprSubscripts (H:\JobTube Eco System\frontend\node_modules\@babel\parser\lib\index.js:11081:23)
      at JSXParserMixin.parseUpdate (H:\JobTube Eco System\frontend\node_modules\@babel\parser\lib\index.js:11066:21)
      at JSXParserMixin.parseMaybeUnary (H:\JobTube Eco System\frontend\node_modules\@babel\parser\lib\index.js:11046:23)
      at JSXParserMixin.parseMaybeUnaryOrPrivate (H:\JobTube Eco System\frontend\node_modules\@babel\parser\lib\index.js:10899:61)
      at JSXParserMixin.parseExprOps (H:\JobTube Eco System\frontend\node_modules\@babel\parser\lib\index.js:10904:23)
      at JSXParserMixin.parseMaybeConditional (H:\JobTube Eco System\frontend\node_modules\@babel\parser\lib\index.js:10881:23)
      at JSXParserMixin.parseMaybeAssign (H:\JobTube Eco System\frontend\node_modules\@babel\parser\lib\index.js:10831:21)
      at H:\JobTube Eco System\frontend\node_modules\@babel\parser\lib\index.js:10800:39
      at JSXParserMixin.allowInAnd (H:\JobTube Eco System\frontend\node_modules\@babel\parser\lib\index.js:12421:16)
      at JSXParserMixin.parseMaybeAssignAllowIn (H:\JobTube Eco System\frontend\node_modules\@babel\parser\lib\index.js:10800:17)
      at JSXParserMixin.parseVar (H:\JobTube Eco System\frontend\node_modules\@babel\parser\lib\index.js:13384:91)
      at JSXParserMixin.parseVarStatement (H:\JobTube Eco System\frontend\node_modules\@babel\parser\lib\index.js:13230:10)
      at JSXParserMixin.parseStatementContent (H:\JobTube Eco System\frontend\node_modules\@babel\parser\lib\index.js:12851:23)
      at JSXParserMixin.parseStatementLike (H:\JobTube Eco System\frontend\node_modules\@babel\parser\lib\index.js:12767:17)
      at JSXParserMixin.parseModuleItem (H:\JobTube Eco System\frontend\node_modules\@babel\parser\lib\index.js:12744:17)
      at JSXParserMixin.parseBlockOrModuleBlockBody (H:\JobTube Eco System\frontend\node_modules\@babel\parser\lib\index.js:13316:36)
      at JSXParserMixin.parseBlockBody (H:\JobTube Eco System\frontend\node_modules\@babel\parser\lib\index.js:13309:10)
      at JSXParserMixin.parseProgram (H:\JobTube Eco System\frontend\node_modules\@babel\parser\lib\index.js:12622:10)
      at JSXParserMixin.parseTopLevel (H:\JobTube Eco System\frontend\node_modules\@babel\parser\lib\index.js:12612:25)
      at JSXParserMixin.parse (H:\JobTube Eco System\frontend\node_modules\@babel\parser\lib\index.js:14488:25)
      at parse (H:\JobTube Eco System\frontend\node_modules\@babel\parser\lib\index.js:14522:38)
      at parser (H:\JobTube Eco System\frontend\node_modules\@babel\core\lib\parser\index.js:41:34)
      at parser.next (<anonymous>)
      at normalizeFile (H:\JobTube Eco System\frontend\node_modules\@babel\core\lib\transformation\normalize-file.js:64:37)
      at normalizeFile.next (<anonymous>)
      at run (H:\JobTube Eco System\frontend\node_modules\@babel\core\lib\transformation\index.js:22:50)
[2m8:38:50 pm[22m [36m[1m[vite][22m[39m [32mhmr update [39m[2m/src/index.css, /src/App.jsx[22m
